2025-06-25 08:00:00 | DEBUG | repo=a4m36jee-2014-security-seminar | action=edit | files=2
2025-06-21 20:13:00 | WARN | repo=a4m36jee-2014-security-seminar | action=commit
2025-09-15 11:45:00 | INFO | repo=a4m36jee-2014-security-seminar | action=commit
2025-05-06 16:15:00 | INFO | repo=a4m36jee-2014-security-seminar | action=commit
2025-07-22 13:22:00 | WARN | repo=a4m36jee-2014-security-seminar | action=commit
2025-03-15 16:00:00 | DEBUG | repo=a4m36jee-2014-security-seminar | action=commit
2025-11-26 07:57:00 | INFO | repo=a4m36jee-2014-security-seminar | action=commit
2025-11-17 07:21:00 | INFO | repo=a4m36jee-2014-security-seminar | action=commit
2025-11-19 09:29:00 | DEBUG | repo=a4m36jee-2014-security-seminar | action=commit
2025-01-06 08:58:00 | INFO | repo=a4m36jee-2014-security-seminar | action=commit
2025-01-03 21:40:00 | DEBUG | repo=a4m36jee-2014-security-seminar | action=commit
2025-04-17 10:27:00 | DEBUG | repo=a4m36jee-2014-security-seminar | action=commit
2025-10-13 20:30:00 | WARN | repo=a4m36jee-2014-security-seminar | action=commit
2025-11-10 20:07:00 | DEBUG | repo=a4m36jee-2014-security-seminar | action=commit
2025-03-20 11:16:00 | DEBUG | repo=a4m36jee-2014-security-seminar | action=commit
2025-04-07 19:47:00 | WARN | repo=a4m36jee-2014-security-seminar | action=commit
2025-09-02 19:31:00 | WARN | repo=a4m36jee-2014-security-seminar | action=commit
2025-10-23 21:02:00 | INFO | repo=a4m36jee-2014-security-seminar | action=commit
2025-03-24 20:07:00 | WARN | repo=a4m36jee-2014-security-seminar | action=commit
2025-09-24 11:00:00 | DEBUG | repo=a4m36jee-2014-security-seminar | action=pull
2025-06-09 08:35:00 | DEBUG | repo=a4m36jee-2014-security-seminar | action=commit
2025-11-02 12:03:00 | WARN | repo=a4m36jee-2014-security-seminar | action=commit
2025-03-04 21:02:00 | DEBUG | repo=a4m36jee-2014-security-seminar | action=commit
2025-12-16 21:39:00 | DEBUG | repo=a4m36jee-2014-security-seminar | action=commit
2025-05-16 16:25:00 | WARN | repo=a4m36jee-2014-security-seminar | action=commit
2025-09-24 12:14:00 | WARN | repo=a4m36jee-2014-security-seminar | action=commit
2025-12-04 12:25:00 | DEBUG | repo=a4m36jee-2014-security-seminar | action=commit
2025-04-12 21:11:00 | WARN | repo=a4m36jee-2014-security-seminar | action=pull
2025-07-23 10:14:00 | WARN | repo=a4m36jee-2014-security-seminar | action=commit
2025-07-22 09:07:00 | WARN | repo=a4m36jee-2014-security-seminar | action=commit
2025-07-23 07:00:00 | DEBUG | repo=a4m36jee-2014-security-seminar | action=commit
2025-12-07 19:52:00 | WARN | repo=a4m36jee-2014-security-seminar | action=pull
2025-01-17 21:38:00 | WARN | repo=a4m36jee-2014-security-seminar | action=commit
2025-08-02 10:03:00 | INFO | repo=a4m36jee-2014-security-seminar | action=edit | files=4
2025-02-26 10:58:00 | INFO | repo=a4m36jee-2014-security-seminar | action=commit
2025-06-20 13:16:00 | WARN | repo=a4m36jee-2014-security-seminar | action=commit
2025-10-24 12:27:00 | WARN | repo=a4m36jee-2014-security-seminar | action=commit
2025-04-04 21:30:00 | WARN | repo=a4m36jee-2014-security-seminar | action=commit
2025-12-06 11:11:00 | INFO | repo=a4m36jee-2014-security-seminar | action=commit
2025-03-12 12:46:00 | DEBUG | repo=a4m36jee-2014-security-seminar | action=commit
2025-09-27 09:42:00 | DEBUG | repo=a4m36jee-2014-security-seminar | action=commit
2025-06-28 13:40:00 | WARN | repo=a4m36jee-2014-security-seminar | action=commit
2025-07-18 10:26:00 | INFO | repo=a4m36jee-2014-security-seminar | action=commit
2025-03-11 18:56:00 | INFO | repo=a4m36jee-2014-security-seminar | action=commit
2025-09-15 20:25:00 | INFO | repo=a4m36jee-2014-security-seminar | action=commit
2025-07-27 07:19:00 | WARN | repo=a4m36jee-2014-security-seminar | action=commit
2025-01-14 12:35:00 | WARN | repo=a4m36jee-2014-security-seminar | action=commit
2025-03-17 10:45:00 | DEBUG | repo=a4m36jee-2014-security-seminar | action=commit
2025-01-14 15:26:00 | WARN | repo=a4m36jee-2014-security-seminar | action=commit
2025-09-10 12:32:00 | INFO | repo=a4m36jee-2014-security-seminar | action=commit
2025-03-20 09:27:00 | DEBUG | repo=a4m36jee-2014-security-seminar | action=commit
2025-08-12 19:24:00 | WARN | repo=a4m36jee-2014-security-seminar | action=commit
2025-10-28 10:08:00 | INFO | repo=a4m36jee-2014-security-seminar | action=commit
2025-06-14 20:52:00 | INFO | repo=a4m36jee-2014-security-seminar | action=commit
2025-08-03 21:33:00 | DEBUG | repo=a4m36jee-2014-security-seminar | action=commit
2025-04-24 16:55:00 | WARN | repo=a4m36jee-2014-security-seminar | action=commit
2025-06-21 18:46:00 | INFO | repo=a4m36jee-2014-security-seminar | action=commit
2025-11-28 20:32:00 | DEBUG | repo=a4m36jee-2014-security-seminar | action=commit
2025-01-07 08:47:00 | WARN | repo=a4m36jee-2014-security-seminar | action=test | passed=true
2025-09-02 19:41:00 | INFO | repo=a4m36jee-2014-security-seminar | action=commit
2025-06-16 08:36:00 | DEBUG | repo=a4m36jee-2014-security-seminar | action=commit
2025-03-14 08:24:00 | DEBUG | repo=a4m36jee-2014-security-seminar | action=commit
2025-08-04 18:27:00 | DEBUG | repo=a4m36jee-2014-security-seminar | action=commit
2025-11-27 15:40:00 | DEBUG | repo=a4m36jee-2014-security-seminar | action=commit
2025-04-20 15:31:00 | INFO | repo=a4m36jee-2014-security-seminar | action=commit
2025-03-18 08:30:00 | WARN | repo=a4m36jee-2014-security-seminar | action=commit
2025-07-24 13:31:00 | INFO | repo=a4m36jee-2014-security-seminar | action=test | passed=true
2025-10-22 12:53:00 | INFO | repo=a4m36jee-2014-security-seminar | action=commit
2025-04-08 08:50:00 | WARN | repo=a4m36jee-2014-security-seminar | action=pull
2025-01-12 19:40:00 | WARN | repo=a4m36jee-2014-security-seminar | action=commit
2025-07-18 19:12:00 | INFO | repo=a4m36jee-2014-security-seminar | action=commit
2025-07-01 12:55:00 | DEBUG | repo=a4m36jee-2014-security-seminar | action=commit
2025-05-21 15:29:00 | DEBUG | repo=a4m36jee-2014-security-seminar | action=commit
2025-10-25 13:28:00 | WARN | repo=a4m36jee-2014-security-seminar | action=commit
2025-08-22 21:05:00 | DEBUG | repo=a4m36jee-2014-security-seminar | action=pull
2025-06-15 07:50:00 | WARN | repo=a4m36jee-2014-security-seminar | action=commit
2025-08-16 09:47:00 | DEBUG | repo=a4m36jee-2014-security-seminar | action=test | passed=true
2025-09-06 09:33:00 | INFO | repo=a4m36jee-2014-security-seminar | action=pull
2025-02-24 14:37:00 | INFO | repo=a4m36jee-2014-security-seminar | action=commit
2025-03-17 20:26:00 | DEBUG | repo=a4m36jee-2014-security-seminar | action=pull
2025-06-19 07:03:00 | WARN | repo=a4m36jee-2014-security-seminar | action=commit
2025-06-27 21:01:00 | INFO | repo=a4m36jee-2014-security-seminar | action=commit
2025-09-15 10:48:00 | WARN | repo=a4m36jee-2014-security-seminar | action=commit
